misakijohnson@Misakis-MacBook-Air git_tutorial % cd /Users/misakijohnson
misakijohnson@Misakis-MacBook-Air ~ % mkdir git_challenge
misakijohnson@Misakis-MacBook-Air ~ % cd git_challenge
misakijohnson@Misakis-MacBook-Air git_challenge % git init
Initialized empty Git repository in /Users/misakijohnson/git_challenge/.git/
misakijohnson@Misakis-MacBook-Air git_challenge % echo " Hello,world! " >> hello_world.txt
misakijohnson@Misakis-MacBook-Air git_challenge % git add hello_world.txt
misakijohnson@Misakis-MacBook-Air git_challenge % git commit -m "hello_world.txtを追加を
追加"
[main 408538e] hello_world.txtを追加を追加
 2 files changed, 1 insertion(+), 18 deletions(-)
 delete mode 100644 hello_world.txt.rtf
misakijohnson@Misakis-MacBook-Air git_challenge % echo "こんにちは、世界！ " >> hello_world.txt
misakijohnson@Misakis-MacBook-Air git_challenge % git add hello_world.txt
misakijohnson@Misakis-MacBook-Air git_challenge % git commit -m "日本語訳を追記"        
[main edd42b5] 日本語訳を追記
 1 file changed, 1 insertion(+)
misakijohnson@Misakis-MacBook-Air git_challenge % git log --oneline
edd42b5 (HEAD -> main) 日本語訳を追記
408538e hello_world.txtを追加を追加
2b353f5 ２回目のコミット
d3e3237 １回目のコミット